// Vitest Snapshot v1, https://vitest.dev/guide/snapshot.html

exports[`barrel-files 1`] = `
"//@ Start file: index.ts
import { cors } from "hono/cors";

const app = new Hono();
app.baseUrl = "";
          
// Route entry:ROUTE_ENTRY:index.ts@407
app.get("/user/1", cors()async (c) => {
  // await getUser();
  const user = await getUser();
  return c.json(user);
}
// Route entry:ROUTE_ENTRY:index.ts@531
app.get("/", (c) => c.text("Hello, Hono!")
//@ EOF file: index.ts


//@ Start file: db/index.ts


// Source reference:SOURCE_REFERENCE:db%2Findex.ts@9
export { getUser } from "./getUser"
//@ EOF file: db/index.ts


//@ Start file: db/getUser.ts
import { measure } from "@fiberplane/hono-otel";

// Source reference:SOURCE_REFERENCE:db%2FgetUser.ts@128
const DEFAULT_USER_NAME = "John Doe"
// Source reference:SOURCE_REFERENCE:db%2FgetUser.ts@166
const DEFAULT_EMAIL = "john@doe.com"
// Source reference:SOURCE_REFERENCE:db%2FgetUser.ts@222
const getUser = measure("getUser", async () => {
  await sleep(100);
  const value: User = {
    name: DEFAULT_USER_NAME,
    email: DEFAULT_EMAIL,
  };
  return value;
})
//@ EOF file: db/getUser.ts


//@ Start file: utils.ts


// Source reference:SOURCE_REFERENCE:utils.ts@0
export async function sleep(duration: number) {
  return new Promise((resolve) => setTimeout(resolve, duration));
}
//@ EOF file: utils.ts


//@ Start file: types.ts


// Source reference:SOURCE_REFERENCE:types.ts@0
export type Email = string;
// Source reference:SOURCE_REFERENCE:types.ts@29
export type User = {
  name: string;
  email: Email;
};
//@ EOF file: types.ts
"
`;

exports[`hono-factory 1`] = `
"//@ Start file: index.ts


const subHello = new Hono();
subHello.baseUrl = "";
          
// Route entry:ROUTE_ENTRY:index.ts@124
subHello.get("/", (c) => c.text("Hello, sub!")
// Route entry:ROUTE_ENTRY:index.ts@173
subHello.get("/bye", (c) => c.text("Bye, sub!")
const app = new Hono();
app.baseUrl = "";
          
//@ EOF file: index.ts


//@ Start file: factory.ts


const app = new Hono();
app.baseUrl = "";
          
// Route entry:ROUTE_ENTRY:factory.ts@281
app.get("/", (c) => c.text("Hello, Hono!")
//@ EOF file: factory.ts


//@ Start file: bye.ts


const bye = new Hono();
bye.baseUrl = "";
          
// Route entry:ROUTE_ENTRY:bye.ts@54
bye.get("/bye", (c) => c.text("Bye, sub!")
//@ EOF file: bye.ts


//@ Start file: silence.ts


const silence = new Hono();
silence.baseUrl = "";
          
// Route entry:ROUTE_ENTRY:silence.ts@58
silence.get("/", (c) => c.text("...")
//@ EOF file: silence.ts


//@ Start file: panic.ts


const app = new Hono();
app.baseUrl = "";
          
// Route entry:ROUTE_ENTRY:panic.ts@54
app.get("/", (c) => {
  c.status(500);
  return c.text("Panic!");
}
//@ EOF file: panic.ts
"
`;
